07-19 13:59:13.843 17432 17454 I TestRunner: started: homeFragmentToolbarBarIsVisible(cifor.icraf.objects.HomeFragmentTest)
07-19 13:59:13.857 17432 17454 W Settings: Setting always_finish_activities has moved from android.provider.Settings.System to android.provider.Settings.Global, returning read-only value.
07-19 13:59:13.914  1052  1102 D SplashScreenView: Build android.window.SplashScreenView{713a238 V.E...... ......ID 0,0-0,0}
07-19 13:59:13.914  1052  1102 D SplashScreenView: Icon: view: null drawable: null size: 0
07-19 13:59:13.914  1052  1102 D SplashScreenView: Branding: view: android.view.View{e195211 G.ED..... ......I. 0,0-0,0 #10204ef android:id/splashscreen_branding_view} drawable: null size w: 0 h: 0
07-19 13:59:13.927   412   412 I BpBinder: onLastStrongRef automatically unlinking death recipients:
07-19 13:59:13.936  1052  1126 E OpenGLRenderer: Unable to match the desired swap behavior.
07-19 13:59:13.948 17432 17460 D libEGL  : loaded /vendor/lib64/egl/libEGL_emulation.so
07-19 13:59:13.952 17432 17460 D libEGL  : loaded /vendor/lib64/egl/libGLESv1_CM_emulation.so
07-19 13:59:13.964  1345  2080 D EGL_emulation: app_time_stats: avg=113.66ms min=1.86ms max=2536.40ms count=23
07-19 13:59:13.966 17432 17460 D libEGL  : loaded /vendor/lib64/egl/libGLESv2_emulation.so
07-19 13:59:13.975 17432 17432 D LifecycleMonitor: Lifecycle status change: androidx.fragment.app.testing.EmptyFragmentActivity@a0c6531 in: PRE_ON_CREATE
07-19 13:59:13.982 17432 17432 V ActivityScenario: Activity lifecycle changed event received but ignored because the reported transition was not ON_CREATE while the last known transition was PRE_ON_CREATE
07-19 13:59:14.024 17432 17432 D LifecycleMonitor: Lifecycle status change: androidx.fragment.app.testing.EmptyFragmentActivity@a0c6531 in: CREATED
07-19 13:59:14.026 17432 17432 V ActivityScenario: Update currentActivityStage to CREATED, currentActivity=androidx.fragment.app.testing.EmptyFragmentActivity@a0c6531
07-19 13:59:14.033 17432 17432 D LifecycleMonitor: Lifecycle status change: androidx.fragment.app.testing.EmptyFragmentActivity@a0c6531 in: STARTED
07-19 13:59:14.034 17432 17432 V ActivityScenario: Update currentActivityStage to STARTED, currentActivity=androidx.fragment.app.testing.EmptyFragmentActivity@a0c6531
07-19 13:59:14.039 17432 17432 D LifecycleMonitor: Lifecycle status change: androidx.fragment.app.testing.EmptyFragmentActivity@a0c6531 in: RESUMED
07-19 13:59:14.039 17432 17432 V ActivityScenario: Update currentActivityStage to RESUMED, currentActivity=androidx.fragment.app.testing.EmptyFragmentActivity@a0c6531
07-19 13:59:14.047 17432 17432 D CompatibilityChangeReporter: Compat change id reported: 237531167; UID 10227; state: DISABLED
07-19 13:59:14.050 17432 17432 W r.icraf.objects: Accessing hidden field Lcom/android/internal/policy/DecorView;->mWindow:Lcom/android/internal/policy/PhoneWindow; (unsupported, reflection, allowed)
07-19 13:59:14.055 17432 17432 W OpenGLRenderer: Unknown dataspace 0
07-19 13:59:14.086   412   590 W ServiceManagerCppClient: Permission failure: android.permission.ROTATE_SURFACE_FLINGER from uid=10227 pid=0
07-19 13:59:14.086   412   590 D PermissionCache: checking android.permission.ROTATE_SURFACE_FLINGER for uid=10227 => denied (361 us)
07-19 13:59:14.086   412   590 W ServiceManagerCppClient: Permission failure: android.permission.INTERNAL_SYSTEM_WINDOW from uid=10227 pid=0
07-19 13:59:14.086   412   590 D PermissionCache: checking android.permission.INTERNAL_SYSTEM_WINDOW for uid=10227 => denied (327 us)
07-19 13:59:14.087   412  1031 W ServiceManagerCppClient: Permission failure: android.permission.INTERNAL_SYSTEM_WINDOW from uid=10227 pid=17432
07-19 13:59:14.087   412   590 W ServiceManagerCppClient: Permission failure: android.permission.ACCESS_SURFACE_FLINGER from uid=10227 pid=0
07-19 13:59:14.087   412  1031 D PermissionCache: checking android.permission.INTERNAL_SYSTEM_WINDOW for uid=10227 => denied (1066 us)
07-19 13:59:14.087   412   590 D PermissionCache: checking android.permission.ACCESS_SURFACE_FLINGER for uid=10227 => denied (743 us)
07-19 13:59:14.088   412  1031 W ServiceManagerCppClient: Permission failure: android.permission.ACCESS_SURFACE_FLINGER from uid=10227 pid=17432
07-19 13:59:14.089   412  1031 D PermissionCache: checking android.permission.ACCESS_SURFACE_FLINGER for uid=10227 => denied (1291 us)
07-19 13:59:14.093  1052  1126 D EGL_emulation: app_time_stats: avg=6897.44ms min=6897.44ms max=6897.44ms count=1
07-19 13:59:14.133 17432 17458 W OpenGLRenderer: Failed to choose config with EGL_SWAP_BEHAVIOR_PRESERVED, retrying without...
07-19 13:59:14.133 17432 17458 W OpenGLRenderer: Failed to initialize 101010-2 format, error = EGL_SUCCESS
07-19 13:59:14.148   412   590 W HWC2    : Can't query capability AutoLowLatencyMode. Display Capabilities were not queried from HWC yet
07-19 13:59:14.152   147   147 I hwservicemanager: getTransport: Cannot find entry android.hardware.graphics.mapper@4.0::IMapper/default in either framework or device VINTF manifest.
07-19 13:59:14.152 17432 17458 I Gralloc4: mapper 4.x is not supported
07-19 13:59:14.189 17432 17458 E OpenGLRenderer: Unable to match the desired swap behavior.
07-19 13:59:14.216   569  1145 W ServiceManagerCppClient: Permission failure: android.permission.ROTATE_SURFACE_FLINGER from uid=10227 pid=0
07-19 13:59:14.216   569  1145 D PermissionCache: checking android.permission.ROTATE_SURFACE_FLINGER for uid=10227 => denied (179 us)
07-19 13:59:14.216   569  1145 W ServiceManagerCppClient: Permission failure: android.permission.INTERNAL_SYSTEM_WINDOW from uid=10227 pid=0
07-19 13:59:14.216   569  1145 D PermissionCache: checking android.permission.INTERNAL_SYSTEM_WINDOW for uid=10227 => denied (97 us)
07-19 13:59:14.216   569  1145 W ServiceManagerCppClient: Permission failure: android.permission.ACCESS_SURFACE_FLINGER from uid=10227 pid=0
07-19 13:59:14.216   569  1145 D PermissionCache: checking android.permission.ACCESS_SURFACE_FLINGER for uid=10227 => denied (84 us)
07-19 13:59:14.223   569   594 W ziparchive: Unable to open '/data/app/~~a1oz2Xd1LBh90IIXIF6ThA==/cifor.icraf.objects-UD93QjYNbVSi6hfocOrSFg==/base.dm': No such file or directory
07-19 13:59:14.226   569   594 I ActivityTaskManager: Displayed cifor.icraf.objects/androidx.fragment.app.testing.EmptyFragmentActivity for user 0: +350ms
07-19 13:59:14.230   569  1942 I ImeTracker: cifor.icraf.objects:42775f16: onRequestHide at ORIGIN_SERVER_HIDE_INPUT reason HIDE_UNSPECIFIED_WINDOW
07-19 13:59:14.230   569  1942 I ImeTracker: cifor.icraf.objects:42775f16: onCancelled at PHASE_SERVER_SHOULD_HIDE
07-19 13:59:14.238  1770  1770 I GoogleInputMethodService: GoogleInputMethodService.onFinishInput():3227
07-19 13:59:14.239  1770  1770 I GoogleInputMethodService: GoogleInputMethodService.updateDeviceLockedStatus():2087 repeatCheckTimes = 0, unlocked = true
07-19 13:59:14.240  1770  1770 I GoogleInputMethodService: GoogleInputMethodService.onStartInput():1877 onStartInput(EditorInfo{inputType=0x0(NULL) imeOptions=0x0 privateImeOptions=null actionName=UNSPECIFIED actionLabel=null actionId=0 initialSelStart=-1 initialSelEnd=-1 initialCapsMode=0x0 hintText=null label=null packageName=cifor.icraf.objects fieldId=0 fieldName=null extras=null}, false)
07-19 13:59:14.240  1770  1770 I GoogleInputMethodService: GoogleInputMethodService.shouldHideHeaderOnInitialState():4008 ShouldHideHeaderOnInitialState = false
07-19 13:59:14.245  1770  1770 I GoogleInputMethodService: GoogleInputMethodService.updateDeviceLockedStatus():2087 repeatCheckTimes = 2, unlocked = true
07-19 13:59:14.265  1052  1126 D EGL_emulation: app_time_stats: avg=1790.75ms min=16.85ms max=26136.55ms count=15
07-19 13:59:14.298 11690 11786 D BtGatt.ScanManager: uid 10129 isForeground true scanMode -1
07-19 13:59:14.298 11690 11786 D BtGatt.ScanManager: uid 10129 isForeground true scanMode -1
07-19 13:59:14.321  1345  1389 I ImeTracker: com.google.android.apps.nexuslauncher:34177021: onRequestHide at ORIGIN_CLIENT_HIDE_SOFT_INPUT reason HIDE_SOFT_INPUT
07-19 13:59:14.322  1345  1389 I ImeTracker: com.google.android.apps.nexuslauncher:34177021: onFailed at PHASE_CLIENT_VIEW_SERVED
07-19 13:59:14.323  2002 16908 I PBSessionCacheImpl: Deleted sessionId[8806610335224938] from persistence.
07-19 13:59:14.336  2002  2657 W SearchServiceCore: Abort, client detached.
07-19 13:59:14.338  1345  2323 D OneSearchSuggestProvider: Shut down the binder channel
07-19 13:59:14.340  1345  1687 I IPCThreadState: oneway function results for code 2 on binder at 0x7a58e806b7f0 will be dropped but finished with status UNKNOWN_TRANSACTION
07-19 13:59:14.377 17432 17432 D CompatibilityChangeReporter: Compat change id reported: 210923482; UID 10227; state: ENABLED
07-19 13:59:14.505  1052  1101 W WindowOnBackDispatcher: sendCancelIfRunning: isInProgress=falsecallback=android.view.ViewRootImpl$$ExternalSyntheticLambda17@97ca9e4
07-19 13:59:14.506   569  1145 W InputManager-JNI: Input channel object 'c52e5c1 Splash Screen cifor.icraf.objects (client)' was disposed without first being removed with the input manager!
07-19 13:59:14.555  1052  1101 W FrameTracker: Missed SF frame:PREDICTION_ERROR, 192579, 11421285, CUJ=J<SPLASHSCREEN_EXIT_ANIM>
07-19 13:59:14.556  1052  1101 W FrameTracker: Missing HWUI jank callback for vsyncId: 192673, CUJ=J<SPLASHSCREEN_EXIT_ANIM>
07-19 13:59:14.556  1052  1101 W FrameTracker: Missed SF frame:PREDICTION_ERROR, 192718, 11522194, CUJ=J<SPLASHSCREEN_EXIT_ANIM>
07-19 13:59:14.556  1052  1101 W FrameTracker: Missing HWUI jank callback for vsyncId: 192733, CUJ=J<SPLASHSCREEN_EXIT_ANIM>
07-19 13:59:14.556  1052  1101 W FrameTracker: Missed SF frame:PREDICTION_ERROR, 192748, 10241658, CUJ=J<SPLASHSCREEN_EXIT_ANIM>
07-19 13:59:14.563 11690 11786 D BtGatt.ScanManager: uid 10129 isForeground true scanMode -1
07-19 13:59:14.565 11690 11786 D BtGatt.ScanManager: uid 10129 isForeground true scanMode -1
07-19 13:59:14.570  5651  5665 I FontLog : Received query Noto Color Emoji Compat, URI content://com.google.android.gms.fonts [CONTEXT service_id=132 ]
07-19 13:59:14.570  5651  5665 I FontLog : Query [emojicompat-emoji-font] resolved to {Noto Color Emoji Compat, wdth 100.0, wght 400, ital 0.0, bestEffort false} [CONTEXT service_id=132 ]
07-19 13:59:14.571  5651  5665 I FontLog : Fetch {Noto Color Emoji Compat, wdth 100.0, wght 400, ital 0.0, bestEffort false} end status Status{statusCode=SUCCESS, resolution=null} [CONTEXT service_id=132 ]
07-19 13:59:14.579  5651  5665 I FontLog : Pulling font file for id = 34, cache size = 6 [CONTEXT service_id=132 ]
07-19 13:59:14.587  5651  5665 I FontLog : Pulling font file for id = 34, cache size = 6 [CONTEXT service_id=132 ]
07-19 13:59:14.650 17432 17454 W FileTestStorage: Output properties is not supported.
07-19 13:59:14.665 17432 17454 E AndroidXTracer: enableTracing failed. You may need to upgrade your androidx.tracing:tracing version
07-19 13:59:14.665 17432 17454 E AndroidXTracer: java.lang.NoSuchMethodError: No static method forceEnableAppTracing()V in class Landroidx/tracing/Trace; or its super classes (declaration of 'androidx.tracing.Trace' appears in /data/app/~~a1oz2Xd1LBh90IIXIF6ThA==/cifor.icraf.objects-UD93QjYNbVSi6hfocOrSFg==/base.apk)
07-19 13:59:14.665 17432 17454 E AndroidXTracer: 	at androidx.test.platform.tracing.AndroidXTracer.enableTracing(AndroidXTracer.java:57)
07-19 13:59:14.665 17432 17454 E AndroidXTracer: 	at androidx.test.platform.tracing.Tracing.<init>(Tracing.java:53)
07-19 13:59:14.665 17432 17454 E AndroidXTracer: 	at androidx.test.platform.tracing.Tracing.<clinit>(Tracing.java:49)
07-19 13:59:14.665 17432 17454 E AndroidXTracer: 	at androidx.test.espresso.base.BaseLayerModule.providesTracing(BaseLayerModule.java:190)
07-19 13:59:14.665 17432 17454 E AndroidXTracer: 	at androidx.test.espresso.base.BaseLayerModule_ProvidesTracingFactory.providesTracing(BaseLayerModule_ProvidesTracingFactory.java:37)
07-19 13:59:14.665 17432 17454 E AndroidXTracer: 	at androidx.test.espresso.base.BaseLayerModule_ProvidesTracingFactory.get(BaseLayerModule_ProvidesTracingFactory.java:29)
07-19 13:59:14.665 17432 17454 E AndroidXTracer: 	at androidx.test.espresso.base.BaseLayerModule_ProvidesTracingFactory.get(BaseLayerModule_ProvidesTracingFactory.java:11)
07-19 13:59:14.665 17432 17454 E AndroidXTracer: 	at androidx.test.espresso.core.internal.deps.dagger.internal.DoubleCheck.get(DoubleCheck.java:47)
07-19 13:59:14.665 17432 17454 E AndroidXTracer: 	at androidx.test.espresso.base.IdlingResourceRegistry_Factory.get(IdlingResourceRegistry_Factory.java:34)
07-19 13:59:14.665 17432 17454 E AndroidXTracer: 	at androidx.test.espresso.base.IdlingResourceRegistry_Factory.get(IdlingResourceRegistry_Factory.java:12)
07-19 13:59:14.665 17432 17454 E AndroidXTracer: 	at androidx.test.espresso.core.internal.deps.dagger.internal.DoubleCheck.get(DoubleCheck.java:47)
07-19 13:59:14.665 17432 17454 E AndroidXTracer: 	at androidx.test.espresso.DaggerBaseLayerComponent$BaseLayerComponentImpl.idlingResourceRegistry(DaggerBaseLayerComponent.java:275)
07-19 13:59:14.665 17432 17454 E AndroidXTracer: 	at androidx.test.espresso.Espresso.<clinit>(Espresso.java:64)
07-19 13:59:14.665 17432 17454 E AndroidXTracer: 	at cifor.icraf.objects.HomeFragmentTest.homeFragmentToolbarBarIsVisible(HomeFragmentTest.kt:29)
07-19 13:59:14.665 17432 17454 E AndroidXTracer: 	at java.lang.reflect.Method.invoke(Native Method)
07-19 13:59:14.665 17432 17454 E AndroidXTracer: 	at org.junit.runners.model.FrameworkMethod$1.runReflectiveCall(FrameworkMethod.java:59)
07-19 13:59:14.665 17432 17454 E AndroidXTracer: 	at org.junit.internal.runners.model.ReflectiveCallable.run(ReflectiveCallable.java:12)
07-19 13:59:14.665 17432 17454 E AndroidXTracer: 	at org.junit.runners.model.FrameworkMethod.invokeExplosively(FrameworkMethod.java:56)
07-19 13:59:14.665 17432 17454 E AndroidXTracer: 	at org.junit.internal.runners.statements.InvokeMethod.evaluate(InvokeMethod.java:17)
07-19 13:59:14.665 17432 17454 E AndroidXTracer: 	at androidx.test.internal.runner.junit4.statement.RunBefores.evaluate(RunBefores.java:80)
07-19 13:59:14.665 17432 17454 E AndroidXTracer: 	at org.junit.runners.ParentRunner$3.evaluate(ParentRunner.java:306)
07-19 13:59:14.665 17432 17454 E AndroidXTracer: 	at org.junit.runners.BlockJUnit4ClassRunner$1.evaluate(BlockJUnit4ClassRunner.java:100)
07-19 13:59:14.665 17432 17454 E AndroidXTracer: 	at org.junit.runners.ParentRunner.runLeaf(ParentRunner.java:366)
07-19 13:59:14.665 17432 17454 E AndroidXTracer: 	at org.junit.runners.BlockJUnit4ClassRunner.runChild(BlockJUnit4ClassRunner.java:103)
07-19 13:59:14.665 17432 17454 E AndroidXTracer: 	at org.junit.runners.BlockJUnit4ClassRunner.runChild(BlockJUnit4ClassRunner.java:63)
07-19 13:59:14.665 17432 17454 E AndroidXTracer: 	at org.junit.runners.ParentRunner$4.run(ParentRunner.java:331)
07-19 13:59:14.665 17432 17454 E AndroidXTracer: 	at org.junit.runners.ParentRunner$1.schedule(ParentRunner.java:79)
07-19 13:59:14.665 17432 17454 E AndroidXTracer: 	at org.junit.runners.ParentRunner.runChildren(ParentRunner.java:329)
07-19 13:59:14.665 17432 17454 E AndroidXTracer: 	at org.junit.runners.ParentRunner.access$100(ParentRunner.java:66)
07-19 13:59:14.665 17432 17454 E AndroidXTracer: 	at org.junit.runners.ParentRunner$2.evaluate(ParentRunner.java:293)
07-19 13:59:14.665 17432 17454 E AndroidXTracer: 	at org.junit.runners.ParentRunner$3.evaluate(ParentRunner.java:306)
07-19 13:59:14.665 17432 17454 E AndroidXTracer: 	at org.junit.runners.ParentRunner.run(ParentRunner.java:413)
07-19 13:59:14.665 17432 17454 E AndroidXTracer: 	at androidx.test.ext.junit.runners.AndroidJUnit4.run(AndroidJUnit4.java:162)
07-19 13:59:14.665 17432 17454 E AndroidXTracer: 	at org.junit.runners.Suite.runChild(Suite.java:128)
07-19 13:59:14.665 17432 17454 E AndroidXTracer: 	at org.junit.runners.Suite.runChild(Suite.java:27)
07-19 13:59:14.665 17432 17454 E AndroidXTracer: 	at org.junit.runners.ParentRunner$4.run(ParentRunner.java:331)
07-19 13:59:14.665 17432 17454 E AndroidXTracer: 	at org.junit.runners.ParentRunner$1.schedule(ParentRunner.java:79)
07-19 13:59:14.665 17432 17454 E AndroidXTracer: 	at org.junit.runners.ParentRunner.runChildren(ParentRunner.java:329)
07-19 13:59:14.665 17432 17454 E AndroidXTracer: 	at org.junit.runners.ParentRunner.access$100(ParentRunner.java:66)
07-19 13:59:14.665 17432 17454 E AndroidXTracer: 	at org.junit.runners.ParentRunner$2.evaluate(ParentRunner.java:293)
07-19 13:59:14.665 17432 17454 E AndroidXTracer: 	at org.junit.runners.ParentRunner$3.evaluate(ParentRunner.java:306)
07-19 13:59:14.665 17432 17454 E AndroidXTracer: 	at org.junit.runners.ParentRunner.run(ParentRunner.java:413)
07-19 13:59:14.665 17432 17454 E AndroidXTracer: 	at org.junit.runner.JUnitCore.run(JUnitCore.java:137)
07-19 13:59:14.665 17432 17454 E AndroidXTracer: 	at org.junit.runner.JUnitCore.run(JUnitCore.java:115)
07-19 13:59:14.665 17432 17454 E AndroidXTracer: 	at androidx.test.internal.runner.TestExecutor.execute(TestExecutor.java:68)
07-19 13:59:14.670 17432 17454 E AndroidXTracer: 	at androidx.test.internal.runner.TestExecutor.execute(TestExecutor.java:59)
07-19 13:59:14.670 17432 17454 E AndroidXTracer: 	at androidx.test.runner.AndroidJUnitRunner.onStart(AndroidJUnitRunner.java:463)
07-19 13:59:14.670 17432 17454 E AndroidXTracer: 	at android.app.Instrumentation$InstrumentationThread.run(Instrumentation.java:2402)
07-19 13:59:14.671 17432 17454 I Tracing : Tracer added: class androidx.test.platform.tracing.AndroidXTracer
07-19 13:59:14.675 17432 17454 D CompatibilityChangeReporter: Compat change id reported: 247079863; UID 10227; state: ENABLED
07-19 13:59:14.680 17432 17454 D EventInjectionStrategy: Creating injection strategy with input manager.
07-19 13:59:14.681 17432 17454 W r.icraf.objects: Accessing hidden method Landroid/hardware/input/InputManager;->getInstance()Landroid/hardware/input/InputManager; (unsupported, reflection, allowed)
07-19 13:59:14.683 17432 17454 W r.icraf.objects: Accessing hidden method Landroid/hardware/input/InputManager;->injectInputEvent(Landroid/view/InputEvent;I)Z (unsupported, reflection, allowed)
07-19 13:59:14.684 17432 17454 W r.icraf.objects: Accessing hidden field Landroid/hardware/input/InputManager;->INJECT_INPUT_EVENT_MODE_WAIT_FOR_FINISH:I (unsupported, reflection, allowed)
07-19 13:59:14.703 17432 17432 W r.icraf.objects: Accessing hidden method Landroid/os/MessageQueue;->next()Landroid/os/Message; (unsupported, reflection, allowed)
07-19 13:59:14.703 17432 17432 W r.icraf.objects: Accessing hidden field Landroid/os/MessageQueue;->mMessages:Landroid/os/Message; (unsupported, reflection, allowed)
07-19 13:59:14.704 17432 17432 W r.icraf.objects: Accessing hidden method Landroid/os/Message;->recycleUnchecked()V (unsupported, reflection, allowed)
07-19 13:59:14.708 17432 17432 I ViewInteraction: Checking 'MatchesViewAssertion{viewMatcher=(view has effective visibility <VISIBLE> and view.getGlobalVisibleRect() to return non-empty rectangle)}' assertion on view view.getId() is <2131230938/cifor.icraf.objects:id/homeFragmentToolBar>
07-19 13:59:14.722 17432 17454 I TestRunner: finished: homeFragmentToolbarBarIsVisible(cifor.icraf.objects.HomeFragmentTest)
